2025-11-09 16:40:07 - ERROR - root - Error generating vehicle sticker PDF: name 'card_width' is not defined
2025-11-09 16:40:07 - INFO - uvicorn.access - 127.0.0.1:64269 - "GET /v1/download-vehicle-sticker/RHfdbacQzJvawJfG8Dsy HTTP/1.1" 500
2025-11-09 16:40:07 - ERROR - uvicorn.error - Exception in ASGI application
Traceback (most recent call last):
  File "E:\workspace\poc\vehicle_management_system\app\services\pdf_generator.py", line 187, in generate_vehicle_sticker_pdf
    box_width = card_width - 60
NameError: name 'card_width' is not defined. Did you mean: 'page_width'?

The above exception was the direct cause of the following exception:

Traceback (most recent call last):
  File "E:\workspace\poc\vehicle_management_system\myenv\lib\site-packages\uvicorn\protocols\http\h11_impl.py", line 403, in run_asgi
    result = await app(  # type: ignore[func-returns-value]
  File "E:\workspace\poc\vehicle_management_system\myenv\lib\site-packages\uvicorn\middleware\proxy_headers.py", line 60, in __call__
    return await self.app(scope, receive, send)
  File "E:\workspace\poc\vehicle_management_system\myenv\lib\site-packages\fastapi\applications.py", line 1054, in __call__
    await super().__call__(scope, receive, send)
  File "E:\workspace\poc\vehicle_management_system\myenv\lib\site-packages\starlette\applications.py", line 113, in __call__
    await self.middleware_stack(scope, receive, send)
  File "E:\workspace\poc\vehicle_management_system\myenv\lib\site-packages\starlette\middleware\errors.py", line 186, in __call__
    raise exc
  File "E:\workspace\poc\vehicle_management_system\myenv\lib\site-packages\starlette\middleware\errors.py", line 164, in __call__
    await self.app(scope, receive, _send)
  File "E:\workspace\poc\vehicle_management_system\myenv\lib\site-packages\starlette\middleware\cors.py", line 85, in __call__
    await self.app(scope, receive, send)
  File "E:\workspace\poc\vehicle_management_system\myenv\lib\site-packages\starlette\middleware\exceptions.py", line 63, in __call__
    await wrap_app_handling_exceptions(self.app, conn)(scope, receive, send)
  File "E:\workspace\poc\vehicle_management_system\myenv\lib\site-packages\starlette\_exception_handler.py", line 53, in wrapped_app
    raise exc
  File "E:\workspace\poc\vehicle_management_system\myenv\lib\site-packages\starlette\_exception_handler.py", line 42, in wrapped_app
    await app(scope, receive, sender)
  File "E:\workspace\poc\vehicle_management_system\myenv\lib\site-packages\starlette\routing.py", line 716, in __call__
    await self.middleware_stack(scope, receive, send)
  File "E:\workspace\poc\vehicle_management_system\myenv\lib\site-packages\starlette\routing.py", line 736, in app
    await route.handle(scope, receive, send)
  File "E:\workspace\poc\vehicle_management_system\myenv\lib\site-packages\starlette\routing.py", line 290, in handle
    await self.app(scope, receive, send)
  File "E:\workspace\poc\vehicle_management_system\myenv\lib\site-packages\starlette\routing.py", line 78, in app
    await wrap_app_handling_exceptions(app, request)(scope, receive, send)
  File "E:\workspace\poc\vehicle_management_system\myenv\lib\site-packages\starlette\_exception_handler.py", line 53, in wrapped_app
    raise exc
  File "E:\workspace\poc\vehicle_management_system\myenv\lib\site-packages\starlette\_exception_handler.py", line 42, in wrapped_app
    await app(scope, receive, sender)
  File "E:\workspace\poc\vehicle_management_system\myenv\lib\site-packages\starlette\routing.py", line 75, in app
    response = await f(request)
  File "E:\workspace\poc\vehicle_management_system\myenv\lib\site-packages\fastapi\routing.py", line 302, in app
    raw_response = await run_endpoint_function(
  File "E:\workspace\poc\vehicle_management_system\myenv\lib\site-packages\fastapi\routing.py", line 215, in run_endpoint_function
    return await run_in_threadpool(dependant.call, **values)
  File "E:\workspace\poc\vehicle_management_system\myenv\lib\site-packages\starlette\concurrency.py", line 38, in run_in_threadpool
    return await anyio.to_thread.run_sync(func)
  File "E:\workspace\poc\vehicle_management_system\myenv\lib\site-packages\anyio\to_thread.py", line 56, in run_sync
    return await get_async_backend().run_sync_in_worker_thread(
  File "E:\workspace\poc\vehicle_management_system\myenv\lib\site-packages\anyio\_backends\_asyncio.py", line 2470, in run_sync_in_worker_thread
    return await future
  File "E:\workspace\poc\vehicle_management_system\myenv\lib\site-packages\anyio\_backends\_asyncio.py", line 967, in run
    result = context.run(func, *args)
  File "E:\workspace\poc\vehicle_management_system\app\routers\vehicle_crud.py", line 106, in download_vehicle_sticker
    pdf_buffer = generate_vehicle_sticker_pdf(vehicle_id, vehicle)
  File "E:\workspace\poc\vehicle_management_system\app\services\pdf_generator.py", line 246, in generate_vehicle_sticker_pdf
    raise RuntimeError("Failed to generate vehicle sticker PDF") from e
RuntimeError: Failed to generate vehicle sticker PDF
2025-11-09 16:40:48 - INFO - uvicorn.error - Shutting down
2025-11-09 16:40:48 - INFO - uvicorn.error - Waiting for application shutdown.
2025-11-09 16:40:48 - INFO - uvicorn.error - Application shutdown complete.
2025-11-09 16:40:48 - INFO - uvicorn.error - Finished server process [24532]
2025-11-09 16:40:58 - INFO - uvicorn.error - Started server process [27588]
2025-11-09 16:40:58 - INFO - uvicorn.error - Waiting for application startup.
2025-11-09 16:40:58 - INFO - uvicorn.error - Application startup complete.
2025-11-09 16:41:03 - INFO - uvicorn.access - 127.0.0.1:49740 - "GET /v1/download-vehicle-sticker/RHfdbacQzJvawJfG8Dsy HTTP/1.1" 200
2025-11-09 16:43:02 - INFO - uvicorn.error - Shutting down
2025-11-09 16:43:02 - INFO - uvicorn.error - Waiting for application shutdown.
2025-11-09 16:43:02 - INFO - uvicorn.error - Application shutdown complete.
2025-11-09 16:43:02 - INFO - uvicorn.error - Finished server process [27588]
2025-11-09 16:43:06 - INFO - uvicorn.error - Started server process [25656]
2025-11-09 16:43:06 - INFO - uvicorn.error - Waiting for application startup.
2025-11-09 16:43:06 - INFO - uvicorn.error - Application startup complete.
2025-11-09 16:43:13 - INFO - uvicorn.access - 127.0.0.1:62645 - "GET /v1/download-vehicle-sticker/RHfdbacQzJvawJfG8Dsy HTTP/1.1" 200
2025-11-09 16:44:35 - INFO - uvicorn.error - Shutting down
2025-11-09 16:44:35 - INFO - uvicorn.error - Waiting for application shutdown.
2025-11-09 16:44:35 - INFO - uvicorn.error - Application shutdown complete.
2025-11-09 16:44:35 - INFO - uvicorn.error - Finished server process [25656]
2025-11-09 16:44:41 - INFO - uvicorn.error - Started server process [18340]
2025-11-09 16:44:41 - INFO - uvicorn.error - Waiting for application startup.
2025-11-09 16:44:41 - INFO - uvicorn.error - Application startup complete.
2025-11-09 16:44:44 - INFO - uvicorn.access - 127.0.0.1:54116 - "GET /v1/download-vehicle-sticker/RHfdbacQzJvawJfG8Dsy HTTP/1.1" 200
2025-11-09 16:45:51 - INFO - uvicorn.error - Shutting down
2025-11-09 16:45:51 - INFO - uvicorn.error - Waiting for application shutdown.
2025-11-09 16:45:51 - INFO - uvicorn.error - Application shutdown complete.
2025-11-09 16:45:51 - INFO - uvicorn.error - Finished server process [18340]
